Archive member included because of file (symbol)

c:/freescale/kds_v3/toolchain/bin/../lib/gcc/arm-none-eabi/4.8.4/armv6-m\libgcc.a(_udivsi3.o)
                              ./Sources/rtc.o (__aeabi_uidiv)
c:/freescale/kds_v3/toolchain/bin/../lib/gcc/arm-none-eabi/4.8.4/armv6-m\libgcc.a(_divsi3.o)
                              ./Sources/data.o (__aeabi_idiv)
c:/freescale/kds_v3/toolchain/bin/../lib/gcc/arm-none-eabi/4.8.4/armv6-m\libgcc.a(_dvmd_tls.o)
                              c:/freescale/kds_v3/toolchain/bin/../lib/gcc/arm-none-eabi/4.8.4/armv6-m\libgcc.a(_udivsi3.o) (__aeabi_idiv0)
c:/freescale/kds_v3/toolchain/bin/../lib/gcc/arm-none-eabi/4.8.4/../../../../arm-none-eabi/lib/armv6-m\libg_s.a(lib_a-exit.o)
                              c:/freescale/kds_v3/toolchain/bin/../lib/gcc/arm-none-eabi/4.8.4/../../../../arm-none-eabi/lib/armv6-m/crt0.o (exit)
c:/freescale/kds_v3/toolchain/bin/../lib/gcc/arm-none-eabi/4.8.4/../../../../arm-none-eabi/lib/armv6-m\libg_s.a(lib_a-impure.o)
                              c:/freescale/kds_v3/toolchain/bin/../lib/gcc/arm-none-eabi/4.8.4/../../../../arm-none-eabi/lib/armv6-m\libg_s.a(lib_a-exit.o) (_global_impure_ptr)
c:/freescale/kds_v3/toolchain/bin/../lib/gcc/arm-none-eabi/4.8.4/../../../../arm-none-eabi/lib/armv6-m\libg_s.a(lib_a-init.o)
                              c:/freescale/kds_v3/toolchain/bin/../lib/gcc/arm-none-eabi/4.8.4/../../../../arm-none-eabi/lib/armv6-m/crt0.o (__libc_init_array)
c:/freescale/kds_v3/toolchain/bin/../lib/gcc/arm-none-eabi/4.8.4/../../../../arm-none-eabi/lib/armv6-m\libg_s.a(lib_a-malloc.o)
                              ./Sources/circbuf.o (malloc)
c:/freescale/kds_v3/toolchain/bin/../lib/gcc/arm-none-eabi/4.8.4/../../../../arm-none-eabi/lib/armv6-m\libg_s.a(lib_a-memset.o)
                              c:/freescale/kds_v3/toolchain/bin/../lib/gcc/arm-none-eabi/4.8.4/../../../../arm-none-eabi/lib/armv6-m/crt0.o (memset)
c:/freescale/kds_v3/toolchain/bin/../lib/gcc/arm-none-eabi/4.8.4/../../../../arm-none-eabi/lib/armv6-m\libg_s.a(lib_a-nano-freer.o)
                              c:/freescale/kds_v3/toolchain/bin/../lib/gcc/arm-none-eabi/4.8.4/../../../../arm-none-eabi/lib/armv6-m\libg_s.a(lib_a-malloc.o) (_free_r)
c:/freescale/kds_v3/toolchain/bin/../lib/gcc/arm-none-eabi/4.8.4/../../../../arm-none-eabi/lib/armv6-m\libg_s.a(lib_a-nano-mallocr.o)
                              c:/freescale/kds_v3/toolchain/bin/../lib/gcc/arm-none-eabi/4.8.4/../../../../arm-none-eabi/lib/armv6-m\libg_s.a(lib_a-malloc.o) (_malloc_r)
c:/freescale/kds_v3/toolchain/bin/../lib/gcc/arm-none-eabi/4.8.4/../../../../arm-none-eabi/lib/armv6-m\libg_s.a(lib_a-printf.o)
                              ./Sources/data.o (printf)
c:/freescale/kds_v3/toolchain/bin/../lib/gcc/arm-none-eabi/4.8.4/../../../../arm-none-eabi/lib/armv6-m\libg_s.a(lib_a-sbrkr.o)
                              c:/freescale/kds_v3/toolchain/bin/../lib/gcc/arm-none-eabi/4.8.4/../../../../arm-none-eabi/lib/armv6-m\libg_s.a(lib_a-nano-mallocr.o) (_sbrk_r)
c:/freescale/kds_v3/toolchain/bin/../lib/gcc/arm-none-eabi/4.8.4/../../../../arm-none-eabi/lib/armv6-m\libg_s.a(lib_a-vfprintf.o)
                              c:/freescale/kds_v3/toolchain/bin/../lib/gcc/arm-none-eabi/4.8.4/../../../../arm-none-eabi/lib/armv6-m\libg_s.a(lib_a-printf.o) (_vfprintf_r)
c:/freescale/kds_v3/toolchain/bin/../lib/gcc/arm-none-eabi/4.8.4/../../../../arm-none-eabi/lib/armv6-m\libg_s.a(lib_a-vfprintf_i.o)
                              c:/freescale/kds_v3/toolchain/bin/../lib/gcc/arm-none-eabi/4.8.4/../../../../arm-none-eabi/lib/armv6-m\libg_s.a(lib_a-vfprintf.o) (_printf_i)
c:/freescale/kds_v3/toolchain/bin/../lib/gcc/arm-none-eabi/4.8.4/../../../../arm-none-eabi/lib/armv6-m\libg_s.a(lib_a-wbuf.o)
                              c:/freescale/kds_v3/toolchain/bin/../lib/gcc/arm-none-eabi/4.8.4/../../../../arm-none-eabi/lib/armv6-m\libg_s.a(lib_a-vfprintf.o) (__swbuf_r)
c:/freescale/kds_v3/toolchain/bin/../lib/gcc/arm-none-eabi/4.8.4/../../../../arm-none-eabi/lib/armv6-m\libg_s.a(lib_a-wsetup.o)
                              c:/freescale/kds_v3/toolchain/bin/../lib/gcc/arm-none-eabi/4.8.4/../../../../arm-none-eabi/lib/armv6-m\libg_s.a(lib_a-vfprintf.o) (__swsetup_r)
c:/freescale/kds_v3/toolchain/bin/../lib/gcc/arm-none-eabi/4.8.4/../../../../arm-none-eabi/lib/armv6-m\libg_s.a(lib_a-fflush.o)
                              c:/freescale/kds_v3/toolchain/bin/../lib/gcc/arm-none-eabi/4.8.4/../../../../arm-none-eabi/lib/armv6-m\libg_s.a(lib_a-wbuf.o) (_fflush_r)
c:/freescale/kds_v3/toolchain/bin/../lib/gcc/arm-none-eabi/4.8.4/../../../../arm-none-eabi/lib/armv6-m\libg_s.a(lib_a-findfp.o)
                              c:/freescale/kds_v3/toolchain/bin/../lib/gcc/arm-none-eabi/4.8.4/../../../../arm-none-eabi/lib/armv6-m\libg_s.a(lib_a-printf.o) (__sinit)
c:/freescale/kds_v3/toolchain/bin/../lib/gcc/arm-none-eabi/4.8.4/../../../../arm-none-eabi/lib/armv6-m\libg_s.a(lib_a-fvwrite.o)
[...]
Memory Configuration

Name             Origin             Length             Attributes
m_interrupts     0x00000000         0x00000100         xr
m_flash_config   0x00000400         0x00000010         xr
m_text           0x00000410         0x0000fbf0         xr
m_data           0x1ffff800         0x00002000         rw
*default*        0x00000000         0xffffffff

Linker script and memory map

LOAD c:/freescale/kds_v3/toolchain/bin/../lib/gcc/arm-none-eabi/4.8.4/armv6-m/crti.o
LOAD c:/freescale/kds_v3/toolchain/bin/../lib/gcc/arm-none-eabi/4.8.4/armv6-m/crtbegin.o
LOAD c:/freescale/kds_v3/toolchain/bin/../lib/gcc/arm-none-eabi/4.8.4/../../../../arm-none-eabi/lib/armv6-m/crt0.o
LOAD ./Sources/analysis.o
LOAD ./Sources/circbuf.o
LOAD ./Sources/data.o
LOAD ./Sources/log.o
LOAD ./Sources/main.o
LOAD ./Sources/rtc.o
LOAD ./Sources/uart.o
LOAD ./Project_Settings/Startup_Code/startup_MKL25Z4.o
LOAD ./Project_Settings/Startup_Code/system_MKL25Z4.o
LOAD c:/freescale/kds_v3/toolchain/bin/../lib/gcc/arm-none-eabi/4.8.4/../../../../arm-none-eabi/lib/armv6-m\libstdc++_s.a
LOAD c:/freescale/kds_v3/toolchain/bin/../lib/gcc/arm-none-eabi/4.8.4/../../../../arm-none-eabi/lib/armv6-m\libm.a
START GROUP
LOAD c:/freescale/kds_v3/toolchain/bin/../lib/gcc/arm-none-eabi/4.8.4/armv6-m\libgcc.a
LOAD c:/freescale/kds_v3/toolchain/bin/../lib/gcc/arm-none-eabi/4.8.4/../../../../arm-none-eabi/lib/armv6-m\libg_s.a
LOAD c:/freescale/kds_v3/toolchain/bin/../lib/gcc/arm-none-eabi/4.8.4/../../../../arm-none-eabi/lib/armv6-m\libc_s.a
END GROUP
START GROUP
LOAD c:/freescale/kds_v3/toolchain/bin/../lib/gcc/arm-none-eabi/4.8.4/armv6-m\libgcc.a
LOAD c:/freescale/kds_v3/toolchain/bin/../lib/gcc/arm-none-eabi/4.8.4/../../../../arm-none-eabi/lib/armv6-m\libc_s.a
LOAD c:/freescale/kds_v3/toolchain/bin/../lib/gcc/arm-none-eabi/4.8.4/../../../../arm-none-eabi/lib/armv6-m\libnosys.a
END GROUP
START GROUP
LOAD c:/freescale/kds_v3/toolchain/bin/../lib/gcc/arm-none-eabi/4.8.4/armv6-m\libgcc.a
LOAD c:/freescale/kds_v3/toolchain/bin/../lib/gcc/arm-none-eabi/4.8.4/../../../../arm-none-eabi/lib/armv6-m\libc_s.a
LOAD c:/freescale/kds_v3/toolchain/bin/../lib/gcc/arm-none-eabi/4.8.4/../../../../arm-none-eabi/lib/armv6-m\libnosys.a
END GROUP
LOAD c:/freescale/kds_v3/toolchain/bin/../lib/gcc/arm-none-eabi/4.8.4/armv6-m/crtend.o
LOAD c:/freescale/kds_v3/toolchain/bin/../lib/gcc/arm-none-eabi/4.8.4/armv6-m/crtn.o
                0x00000200                HEAP_SIZE = DEFINED (__heap_size__)?__heap_size__:0x200
                0x00000100                STACK_SIZE = DEFINED (__stack_size__)?__stack_size__:0x100

.interrupts     0x00000000       0xc0
                0x00000000                __VECTOR_TABLE = .
                0x00000000                . = ALIGN (0x4)
 *(.isr_vector)
 .isr_vector    0x00000000       0xc0 ./Project_Settings/Startup_Code/startup_MKL25Z4.o
                0x00000000                __isr_vector
                0x000000c0                . = ALIGN (0x4)

.flash_config   0x00000400       0x10
                0x00000400                . = ALIGN (0x4)
 *(.FlashConfig)
 .FlashConfig   0x00000400       0x10 ./Project_Settings/Startup_Code/startup_MKL25Z4.o
                0x00000410                . = ALIGN (0x4)

.text           0x00000410      0xd8c
                0x00000410                . = ALIGN (0x4)
 *(.text)
 .text          0x00000410       0x60 c:/freescale/kds_v3/toolchain/bin/../lib/gcc/arm-none-eabi/4.8.4/armv6-m/crtbegin.o
 .text          0x00000470       0x78 c:/freescale/kds_v3/toolchain/bin/../lib/gcc/arm-none-eabi/4.8.4/../../../../arm-none-eabi/lib/armv6-m/crt0.o
                0x00000470                _start
                0x00000470                _mainCRTStartup
 .text          0x000004e8       0x34 ./Project_Settings/Startup_Code/startup_MKL25Z4.o
                0x000004e8                Reset_Handler
                0x00000514                HardFault_Handler
                0x00000514                SysTick_Handler
                0x00000514                PendSV_Handler
                0x00000514                NMI_Handler
                0x00000514                I2C1_IRQHandler
                0x00000514                UART1_IRQHandler
                0x00000514                DMA2_IRQHandler
                0x00000514                TPM0_IRQHandler
                0x00000514                LLWU_IRQHandler
                0x00000514                TSI0_IRQHandler
                0x00000514                ADC0_IRQHandler
                0x00000514                Reserved39_IRQHandler
                0x00000514                SPI1_IRQHandler
                0x00000514                DefaultISR
                0x00000514                PORTD_IRQHandler
                0x00000514                TPM2_IRQHandler
                0x00000514                RTC_IRQHandler
                0x00000514                I2C0_IRQHandler
                0x00000514                MCG_IRQHandler
                0x00000514                UART2_IRQHandler
                0x00000514                Reserved20_IRQHandler
                0x00000514                USB0_IRQHandler
                0x00000514                PIT_IRQHandler
                0x00000514                SVC_Handler
                0x00000514                DMA3_IRQHandler
                0x00000514                DMA0_IRQHandler
                0x00000514                DAC0_IRQHandler
                0x00000514                Reserved45_IRQHandler
                0x00000514                TPM1_IRQHandler
                0x00000514                LVD_LVW_IRQHandler
                0x00000514                SPI0_IRQHandler
                0x00000514                PORTA_IRQHandler
                0x00000514                FTFA_IRQHandler
                0x00000514                LPTMR0_IRQHandler
                0x00000514                CMP0_IRQHandler
                0x00000514                DMA1_IRQHandler
 .text          0x0000051c       0xc0 c:/freescale/kds_v3/toolchain/bin/../lib/gcc/arm-none-eabi/4.8.4/armv6-m\libgcc.a(_divsi3.o)
                0x0000051c                __divsi3
                0x0000051c                __aeabi_idiv
                0x000005c8                __aeabi_idivmod
 .text          0x000005dc        0x4 c:/freescale/kds_v3/toolchain/bin/../lib/gcc/arm-none-eabi/4.8.4/armv6-m\libgcc.a(_dvmd_tls.o)
                0x000005dc                __aeabi_idiv0
                0x000005dc                __aeabi_ldiv0
 *(.text*)
 .text.CB_IsBufferFull
                0x000005e0       0x30 ./Sources/circbuf.o
                0x000005e0                CB_IsBufferFull
 .text.CB_IsBufferEmpty
                0x00000610       0x2c ./Sources/circbuf.o
                0x00000610                CB_IsBufferEmpty
 .text.CB_IntitalizeBuffer
                0x0000063c       0x3c ./Sources/circbuf.o
                0x0000063c                CB_IntitalizeBuffer
 .text.CB_AddItem
                0x00000678       0x8c ./Sources/circbuf.o
                0x00000678                CB_AddItem
 .text.CB_RemoveItem
                0x00000704       0xbc ./Sources/circbuf.o
                0x00000704                CB_RemoveItem
 .text.my_itoa  0x000007c0      0x144 ./Sources/data.o
                0x000007c0                my_itoa
 .text.log_raw_string
                0x00000904       0x60 ./Sources/log.o
                0x00000904                log_raw_string
 .text.log_raw_intr
                0x00000964       0x30 ./Sources/log.o
                0x00000964                log_raw_intr
 .text.create_log_item
                0x00000994       0x68 ./Sources/log.o
                0x00000994                create_log_item
 .text.log_item
                0x000009fc       0x94 ./Sources/log.o
                0x000009fc                log_item
 .text.log_initialize
                0x00000a90        0xc ./Sources/log.o
                0x00000a90                log_initialize
 .text.main     0x00000a9c       0x64 ./Sources/main.o
                0x00000a9c                main
 .text.RTC_Seconds_IRQHandler
                0x00000b00       0x3c ./Sources/main.o
                0x00000b00                RTC_Seconds_IRQHandler
 .text.NVIC_EnableIRQ
                0x00000b3c       0x2c ./Sources/rtc.o
 .text.rtc_init
                0x00000b68      0x138 ./Sources/rtc.o
                0x00000b68                rtc_init
 .text.NVIC_EnableIRQ
                0x00000ca0       0x2c ./Sources/uart.o
 .text.uart_configure
                0x00000ccc      0x114 ./Sources/uart.o
                0x00000ccc                uart_configure
 .text.UART0_IRQHandler
                0x00000de0       0x9c ./Sources/uart.o
                0x00000de0                UART0_IRQHandler
 .text.uart_send_byte
                0x00000e7c       0x20 ./Sources/uart.o
                0x00000e7c                uart_send_byte
 .text.uart_receive_byte
                0x00000e9c       0x34 ./Sources/uart.o
                0x00000e9c                uart_receive_byte
 .text.SystemInit
                0x00000ed0       0x18 ./Project_Settings/Startup_Code/system_MKL25Z4.o
                0x00000ed0                SystemInit
 .text.exit     0x00000ee8       0x2c c:/freescale/kds_v3/toolchain/bin/../lib/gcc/arm-none-eabi/4.8.4/../../../../arm-none-eabi/lib/armv6-m\libg_s.a(lib_a-exit.o)
                0x00000ee8                exit
 .text.__libc_init_array
                0x00000f14       0x4c c:/freescale/kds_v3/toolchain/bin/../lib/gcc/arm-none-eabi/4.8.4/../../../../arm-none-eabi/lib/armv6-m\libg_s.a(lib_a-init.o)
                0x00000f14                __libc_init_array
 .text.malloc   0x00000f60       0x14 c:/freescale/kds_v3/toolchain/bin/../lib/gcc/arm-none-eabi/4.8.4/../../../../arm-none-eabi/lib/armv6-m\libg_s.a(lib_a-malloc.o)
                0x00000f60                malloc
 .text.memset   0x00000f74       0x10 c:/freescale/kds_v3/toolchain/bin/../lib/gcc/arm-none-eabi/4.8.4/../../../../arm-none-eabi/lib/armv6-m\libg_s.a(lib_a-memset.o)
                0x00000f74                memset
 .text._malloc_r
                0x00000f84       0xa8 c:/freescale/kds_v3/toolchain/bin/../lib/gcc/arm-none-eabi/4.8.4/../../../../arm-none-eabi/lib/armv6-m\libg_s.a(lib_a-nano-mallocr.o)
                0x00000f84                _malloc_r
 .text._sbrk_r  0x0000102c       0x24 c:/freescale/kds_v3/toolchain/bin/../lib/gcc/arm-none-eabi/4.8.4/../../../../arm-none-eabi/lib/armv6-m\libg_s.a(lib_a-sbrkr.o)
                0x0000102c                _sbrk_r
 .text._sbrk    0x00001050       0x34 c:/freescale/kds_v3/toolchain/bin/../lib/gcc/arm-none-eabi/4.8.4/../../../../arm-none-eabi/lib/armv6-m\libnosys.a(sbrk.o)
                0x00001050                _sbrk
 .text._exit    0x00001084        0x4 c:/freescale/kds_v3/toolchain/bin/../lib/gcc/arm-none-eabi/4.8.4/../../../../arm-none-eabi/lib/armv6-m\libnosys.a(_exit.o)
                0x00001084                _exit
 *(.rodata)
 .rodata        0x00001088       0x30 ./Sources/log.o
 .rodata        0x000010b8       0x64 ./Sources/main.o
 *(.rodata*)
 .rodata.str1.1
                0x0000111c        0x2 c:/freescale/kds_v3/toolchain/bin/../lib/gcc/arm-none-eabi/4.8.4/../../../../arm-none-eabi/lib/armv6-m\libg_s.a(lib_a-impure.o)
 *fill*         0x0000111e        0x2 
 .rodata._global_impure_ptr
                0x00001120        0x4 c:/freescale/kds_v3/toolchain/bin/../lib/gcc/arm-none-eabi/4.8.4/../../../../arm-none-eabi/lib/armv6-m\libg_s.a(lib_a-impure.o)
                0x00001120                _global_impure_ptr
 .rodata.__sf_fake_stdin
                0x00001124       0x20 c:/freescale/kds_v3/toolchain/bin/../lib/gcc/arm-none-eabi/4.8.4/../../../../arm-none-eabi/lib/armv6-m\libg_s.a(lib_a-findfp.o)
                0x00001124                __sf_fake_stdin
 .rodata.__sf_fake_stdout
                0x00001144       0x20 c:/freescale/kds_v3/toolchain/bin/../lib/gcc/arm-none-eabi/4.8.4/../../../../arm-none-eabi/lib/armv6-m\libg_s.a(lib_a-findfp.o)
                0x00001144                __sf_fake_stdout
 .rodata.__sf_fake_stderr
                0x00001164       0x20 c:/freescale/kds_v3/toolchain/bin/../lib/gcc/arm-none-eabi/4.8.4/../../../../arm-none-eabi/lib/armv6-m\libg_s.a(lib_a-findfp.o)
                0x00001164                __sf_fake_stderr
 *(.glue_7)
 .glue_7        0x00000000        0x0 linker stubs
 *(.glue_7t)
 .glue_7t       0x00000000        0x0 linker stubs
 *(.eh_frame)
 .eh_frame      0x00001184        0x0 c:/freescale/kds_v3/toolchain/bin/../lib/gcc/arm-none-eabi/4.8.4/armv6-m/crtbegin.o
 *(.init)
 .init          0x00001184        0x4 c:/freescale/kds_v3/toolchain/bin/../lib/gcc/arm-none-eabi/4.8.4/armv6-m/crti.o
                0x00001184                _init
 .init          0x00001188        0x8 c:/freescale/kds_v3/toolchain/bin/../lib/gcc/arm-none-eabi/4.8.4/armv6-m/crtn.o
 *(.fini)
 .fini          0x00001190        0x4 c:/freescale/kds_v3/toolchain/bin/../lib/gcc/arm-none-eabi/4.8.4/armv6-m/crti.o
                0x00001190                _fini
 .fini          0x00001194        0x8 c:/freescale/kds_v3/toolchain/bin/../lib/gcc/arm-none-eabi/4.8.4/armv6-m/crtn.o
                0x0000119c                . = ALIGN (0x4)

.vfp11_veneer   0x0000119c        0x0
 .vfp11_veneer  0x00000000        0x0 linker stubs

.v4_bx          0x0000119c        0x0
 .v4_bx         0x00000000        0x0 linker stubs

.iplt           0x0000119c        0x0
 .iplt          0x00000000        0x0 c:/freescale/kds_v3/toolchain/bin/../lib/gcc/arm-none-eabi/4.8.4/armv6-m/crtbegin.o

.ARM.extab
 *(.ARM.extab* .gnu.linkonce.armextab.*)

.ARM            0x0000119c        0x8
                0x0000119c                __exidx_start = .
 *(.ARM.exidx*)
 .ARM.exidx     0x0000119c        0x8 c:/freescale/kds_v3/toolchain/bin/../lib/gcc/arm-none-eabi/4.8.4/../../../../arm-none-eabi/lib/armv6-m/crt0.o
                0x000011a4                __exidx_end = .

.rel.dyn        0x000011a4        0x0
 .rel.iplt      0x00000000        0x0 c:/freescale/kds_v3/toolchain/bin/../lib/gcc/arm-none-eabi/4.8.4/armv6-m/crtbegin.o

.ctors          0x000011a4        0x0
                0x000011a4                __CTOR_LIST__ = .
 *crtbegin.o(.ctors)
 *crtbegin?.o(.ctors)
 *(EXCLUDE_FILE(*crtend.o *crtend?.o) .ctors)
 *(SORT(.ctors.*))
 *(.ctors)
                0x000011a4                __CTOR_END__ = .

.dtors          0x000011a4        0x0
                0x000011a4                __DTOR_LIST__ = .
 *crtbegin.o(.dtors)
 *crtbegin?.o(.dtors)
 *(EXCLUDE_FILE(*crtend.o *crtend?.o) .dtors)
 *(SORT(.dtors.*))
 *(.dtors)
                0x000011a4                __DTOR_END__ = .

.preinit_array  0x000011a4        0x0
                0x000011a4                PROVIDE (__preinit_array_start, .)
 *(.preinit_array*)
                0x000011a4                PROVIDE (__preinit_array_end, .)

.init_array     0x000011a4        0x4
                0x000011a4                PROVIDE (__init_array_start, .)
 *(SORT(.init_array.*))
 *(.init_array*)
 .init_array    0x000011a4        0x4 c:/freescale/kds_v3/toolchain/bin/../lib/gcc/arm-none-eabi/4.8.4/armv6-m/crtbegin.o
                0x000011a8                PROVIDE (__init_array_end, .)

.fini_array     0x000011a8        0x4
                0x000011a8                PROVIDE (__fini_array_start, .)
 *(SORT(.fini_array.*))
 *(.fini_array*)
 .fini_array    0x000011a8        0x4 c:/freescale/kds_v3/toolchain/bin/../lib/gcc/arm-none-eabi/4.8.4/armv6-m/crtbegin.o
                0x000011ac                PROVIDE (__fini_array_end, .)
                0x000011ac                __etext = .
                0x000011ac                __DATA_ROM = .

.mtb            0x1ffff800        0x0
                0x1ffff800                . = ALIGN (0x8)
                0x1ffff800                _mtb_start = .
 *(.mtb_buf)
                0x1ffff800                . = ALIGN (0x8)
                0x1ffff800                _mtb_end = .

.data           0x1ffff800       0x68 load address 0x000011ac
                0x1ffff800                . = ALIGN (0x4)
                0x1ffff800                __DATA_RAM = .
                0x1ffff800                __data_start__ = .
 *(.data)
 *(.data*)
 .data.impure_data
                0x1ffff800       0x60 c:/freescale/kds_v3/toolchain/bin/../lib/gcc/arm-none-eabi/4.8.4/../../../../arm-none-eabi/lib/armv6-m\libg_s.a(lib_a-impure.o)
 .data._impure_ptr
                0x1ffff860        0x4 c:/freescale/kds_v3/toolchain/bin/../lib/gcc/arm-none-eabi/4.8.4/../../../../arm-none-eabi/lib/armv6-m\libg_s.a(lib_a-impure.o)
                0x1ffff860                _impure_ptr
 *(.jcr*)
 .jcr           0x1ffff864        0x0 c:/freescale/kds_v3/toolchain/bin/../lib/gcc/arm-none-eabi/4.8.4/armv6-m/crtbegin.o
 .jcr           0x1ffff864        0x4 c:/freescale/kds_v3/toolchain/bin/../lib/gcc/arm-none-eabi/4.8.4/armv6-m/crtend.o
                0x1ffff868                . = ALIGN (0x4)
                0x1ffff868                __data_end__ = .
                0x00001214                __DATA_END = (__DATA_ROM + (__data_end__ - __data_start__))

.igot.plt       0x1ffff868        0x0 load address 0x00001214
 .igot.plt      0x00000000        0x0 c:/freescale/kds_v3/toolchain/bin/../lib/gcc/arm-none-eabi/4.8.4/armv6-m/crtbegin.o

.bss            0x1ffff868       0x68 load address 0x00001214
                0x1ffff868                . = ALIGN (0x4)
                0x1ffff868                __START_BSS = .
                0x1ffff868                __bss_start__ = .
 *(.bss)
 .bss           0x1ffff868       0x1c c:/freescale/kds_v3/toolchain/bin/../lib/gcc/arm-none-eabi/4.8.4/armv6-m/crtbegin.o
 *(.bss*)
 .bss.__malloc_sbrk_start
                0x1ffff884        0x4 c:/freescale/kds_v3/toolchain/bin/../lib/gcc/arm-none-eabi/4.8.4/../../../../arm-none-eabi/lib/armv6-m\libg_s.a(lib_a-nano-mallocr.o)
                0x1ffff884                __malloc_sbrk_start
 .bss.__malloc_free_list
                0x1ffff888        0x4 c:/freescale/kds_v3/toolchain/bin/../lib/gcc/arm-none-eabi/4.8.4/../../../../arm-none-eabi/lib/armv6-m\libg_s.a(lib_a-nano-mallocr.o)
                0x1ffff888                __malloc_free_list
 .bss.heap_end.4246
                0x1ffff88c        0x4 c:/freescale/kds_v3/toolchain/bin/../lib/gcc/arm-none-eabi/4.8.4/../../../../arm-none-eabi/lib/armv6-m\libnosys.a(sbrk.o)
 *(COMMON)
 COMMON         0x1ffff890       0x28 ./Sources/analysis.o
                0x1ffff890                rx_buf
                0x1ffff8a4                tx_buf
 COMMON         0x1ffff8b8       0x14 ./Sources/main.o
                0x1ffff8b8                log
                0x1ffff8bc                myrtc
                0x1ffff8c8                rtc_time
 COMMON         0x1ffff8cc        0x4 c:/freescale/kds_v3/toolchain/bin/../lib/gcc/arm-none-eabi/4.8.4/../../../../arm-none-eabi/lib/armv6-m\libg_s.a(lib_a-reent.o)
                0x1ffff8cc                errno
                0x1ffff8d0                . = ALIGN (0x4)
                0x1ffff8d0                __bss_end__ = .
                0x1ffff8d0                __END_BSS = .

.heap           0x1ffff8d0      0x200 load address 0x0000127c
                0x1ffff8d0                . = ALIGN (0x8)
                0x1ffff8d0                __end__ = .
                0x1ffff8d0                PROVIDE (end, .)
                0x1ffff8d0                __HeapBase = .
                0x1ffffad0                . = (. + HEAP_SIZE)
 *fill*         0x1ffff8d0      0x200 
                0x1ffffad0                __HeapLimit = .

.stack          0x1ffffad0      0x100 load address 0x0000147c
                0x1ffffad0                . = ALIGN (0x8)
                0x1ffffbd0                . = (. + STACK_SIZE)
 *fill*         0x1ffffad0      0x100 
                0x20001800                __StackTop = (ORIGIN (m_data) + 0x2000)
                0x20001700                __StackLimit = (__StackTop - STACK_SIZE)
                0x20001800                PROVIDE (__stack, __StackTop)

.ARM.attributes
                0x00000000       0x28
 *(.ARM.attributes)
 .ARM.attributes
                0x00000000       0x1e c:/freescale/kds_v3/toolchain/bin/../lib/gcc/arm-none-eabi/4.8.4/armv6-m/crti.o
 .ARM.attributes
                0x0000001e       0x2c c:/freescale/kds_v3/toolchain/bin/../lib/gcc/arm-none-eabi/4.8.4/armv6-m/crtbegin.o
 .ARM.attributes
                0x0000004a       0x1b c:/freescale/kds_v3/toolchain/bin/../lib/gcc/arm-none-eabi/4.8.4/../../../../arm-none-eabi/lib/armv6-m/crt0.o
 .ARM.attributes
                0x00000065       0x32 ./Sources/analysis.o
 .ARM.attributes
                0x00000097       0x32 ./Sources/circbuf.o
 .ARM.attributes
                0x000000c9       0x32 ./Sources/data.o
 .ARM.attributes
                0x000000fb       0x32 ./Sources/log.o
 .ARM.attributes
                0x0000012d       0x32 ./Sources/main.o
 .ARM.attributes
                0x0000015f       0x32 ./Sources/rtc.o
 .ARM.attributes
                0x00000191       0x32 ./Sources/uart.o
 .ARM.attributes
                0x000001c3       0x1b ./Project_Settings/Startup_Code/startup_MKL25Z4.o
 .ARM.attributes
                0x000001de       0x32 ./Project_Settings/Startup_Code/system_MKL25Z4.o
 .ARM.attributes
                0x00000210       0x1e c:/freescale/kds_v3/toolchain/bin/../lib/gcc/arm-none-eabi/4.8.4/armv6-m\libgcc.a(_divsi3.o)
 .ARM.attributes
                0x0000022e       0x1e c:/freescale/kds_v3/toolchain/bin/../lib/gcc/arm-none-eabi/4.8.4/armv6-m\libgcc.a(_dvmd_tls.o)
 .ARM.attributes
                0x0000024c       0x2c c:/freescale/kds_v3/toolchain/bin/../lib/gcc/arm-none-eabi/4.8.4/../../../../arm-none-eabi/lib/armv6-m\libg_s.a(lib_a-exit.o)
 .ARM.attributes
                0x00000278       0x2c c:/freescale/kds_v3/toolchain/bin/../lib/gcc/arm-none-eabi/4.8.4/../../../../arm-none-eabi/lib/armv6-m\libg_s.a(lib_a-impure.o)
 .ARM.attributes
                0x000002a4       0x2c c:/freescale/kds_v3/toolchain/bin/../lib/gcc/arm-none-eabi/4.8.4/../../../../arm-none-eabi/lib/armv6-m\libg_s.a(lib_a-init.o)
 .ARM.attributes
                0x000002d0       0x2c c:/freescale/kds_v3/toolchain/bin/../lib/gcc/arm-none-eabi/4.8.4/../../../../arm-none-eabi/lib/armv6-m\libg_s.a(lib_a-malloc.o)
 .ARM.attributes
                0x000002fc       0x2c c:/freescale/kds_v3/toolchain/bin/../lib/gcc/arm-none-eabi/4.8.4/../../../../arm-none-eabi/lib/armv6-m\libg_s.a(lib_a-memset.o)
 .ARM.attributes
                0x00000328       0x2c c:/freescale/kds_v3/toolchain/bin/../lib/gcc/arm-none-eabi/4.8.4/../../../../arm-none-eabi/lib/armv6-m\libg_s.a(lib_a-nano-mallocr.o)
 .ARM.attributes
                0x00000354       0x2c c:/freescale/kds_v3/toolchain/bin/../lib/gcc/arm-none-eabi/4.8.4/../../../../arm-none-eabi/lib/armv6-m\libg_s.a(lib_a-sbrkr.o)
 .ARM.attributes
                0x00000380       0x2c c:/freescale/kds_v3/toolchain/bin/../lib/gcc/arm-none-eabi/4.8.4/../../../../arm-none-eabi/lib/armv6-m\libg_s.a(lib_a-findfp.o)
 .ARM.attributes
                0x000003ac       0x2c c:/freescale/kds_v3/toolchain/bin/../lib/gcc/arm-none-eabi/4.8.4/../../../../arm-none-eabi/lib/armv6-m\libg_s.a(lib_a-reent.o)
 .ARM.attributes
                0x000003d8       0x2c c:/freescale/kds_v3/toolchain/bin/../lib/gcc/arm-none-eabi/4.8.4/../../../../arm-none-eabi/lib/armv6-m\libnosys.a(sbrk.o)
 .ARM.attributes
                0x00000404       0x2c c:/freescale/kds_v3/toolchain/bin/../lib/gcc/arm-none-eabi/4.8.4/../../../../arm-none-eabi/lib/armv6-m\libnosys.a(_exit.o)
 .ARM.attributes
                0x00000430       0x2c c:/freescale/kds_v3/toolchain/bin/../lib/gcc/arm-none-eabi/4.8.4/armv6-m/crtend.o
 .ARM.attributes
                0x0000045c       0x1e c:/freescale/kds_v3/toolchain/bin/../lib/gcc/arm-none-eabi/4.8.4/armv6-m/crtn.o
                0x00000001                ASSERT ((__StackLimit >= __HeapLimit), region m_data overflowed with stack and heap)
OUTPUT(project2.elf elf32-littlearm)

.debug_info     0x00000000     0x25f3
 .debug_info    0x00000000      0x249 ./Sources/analysis.o
 .debug_info    0x00000249      0x2ff ./Sources/circbuf.o
 .debug_info    0x00000548      0x309 ./Sources/data.o
 .debug_info    0x00000851      0x485 ./Sources/log.o
 .debug_info    0x00000cd6      0x4aa ./Sources/main.o
 .debug_info    0x00001180      0x85e ./Sources/rtc.o
 .debug_info    0x000019de      0x797 ./Sources/uart.o
 .debug_info    0x00002175       0x91 ./Project_Settings/Startup_Code/startup_MKL25Z4.o
 .debug_info    0x00002206      0x3ed ./Project_Settings/Startup_Code/system_MKL25Z4.o

.debug_abbrev   0x00000000      0xa79
 .debug_abbrev  0x00000000       0xf8 ./Sources/analysis.o
 .debug_abbrev  0x000000f8      0x105 ./Sources/circbuf.o
 .debug_abbrev  0x000001fd       0xfd ./Sources/data.o
 .debug_abbrev  0x000002fa      0x168 ./Sources/log.o
 .debug_abbrev  0x00000462      0x167 ./Sources/main.o
 .debug_abbrev  0x000005c9      0x1df ./Sources/rtc.o
 .debug_abbrev  0x000007a8      0x1b4 ./Sources/uart.o
 .debug_abbrev  0x0000095c       0x14 ./Project_Settings/Startup_Code/startup_MKL25Z4.o
 .debug_abbrev  0x00000970      0x109 ./Project_Settings/Startup_Code/system_MKL25Z4.o

.debug_aranges  0x00000000      0x228
 .debug_aranges
                0x00000000       0x20 ./Sources/analysis.o
 .debug_aranges
                0x00000020       0x50 ./Sources/circbuf.o
 .debug_aranges
                0x00000070       0x40 ./Sources/data.o
 .debug_aranges
                0x000000b0       0x58 ./Sources/log.o
 .debug_aranges
                0x00000108       0x28 ./Sources/main.o
 .debug_aranges
                0x00000130       0x70 ./Sources/rtc.o
 .debug_aranges
                0x000001a0       0x40 ./Sources/uart.o
 .debug_aranges
                0x000001e0       0x20 ./Project_Settings/Startup_Code/startup_MKL25Z4.o
 .debug_aranges
                0x00000200       0x28 ./Project_Settings/Startup_Code/system_MKL25Z4.o

.debug_ranges   0x00000000      0x188
 .debug_ranges  0x00000000       0x10 ./Sources/analysis.o
 .debug_ranges  0x00000010       0x40 ./Sources/circbuf.o
 .debug_ranges  0x00000050       0x30 ./Sources/data.o
 .debug_ranges  0x00000080       0x48 ./Sources/log.o
 .debug_ranges  0x000000c8       0x18 ./Sources/main.o
 .debug_ranges  0x000000e0       0x60 ./Sources/rtc.o
 .debug_ranges  0x00000140       0x30 ./Sources/uart.o
 .debug_ranges  0x00000170       0x18 ./Project_Settings/Startup_Code/system_MKL25Z4.o

.debug_macro    0x00000000     0xaab8
 .debug_macro   0x00000000      0x188 ./Sources/analysis.o
 .debug_macro   0x00000188      0x802 ./Sources/analysis.o
 .debug_macro   0x0000098a       0x58 ./Sources/analysis.o
 .debug_macro   0x000009e2       0x16 ./Sources/analysis.o
 .debug_macro   0x000009f8       0x35 ./Sources/analysis.o
 .debug_macro   0x00000a2d       0xa3 ./Sources/analysis.o
 .debug_macro   0x00000ad0       0x16 ./Sources/analysis.o
 .debug_macro   0x00000ae6       0x97 ./Sources/analysis.o
 .debug_macro   0x00000b7d       0x10 ./Sources/analysis.o
 .debug_macro   0x00000b8d       0xef ./Sources/analysis.o
 .debug_macro   0x00000c7c       0x4a ./Sources/analysis.o
 .debug_macro   0x00000cc6       0x52 ./Sources/analysis.o
 .debug_macro   0x00000d18       0x16 ./Sources/analysis.o
 .debug_macro   0x00000d2e       0x43 ./Sources/analysis.o
 .debug_macro   0x00000d71      0x180 ./Sources/analysis.o
 .debug_macro   0x00000ef1       0x10 ./Sources/analysis.o
 .debug_macro   0x00000f01       0x22 ./Sources/analysis.o
 .debug_macro   0x00000f23       0xbd ./Sources/analysis.o
 .debug_macro   0x00000fe0       0x16 ./Sources/analysis.o
 .debug_macro   0x00000ff6      0x14a ./Sources/analysis.o
 .debug_macro   0x00001140       0x16 ./Sources/analysis.o
 .debug_macro   0x00001156       0x35 ./Sources/analysis.o
 .debug_macro   0x0000118b       0x22 ./Sources/analysis.o
 .debug_macro   0x000011ad      0x20f ./Sources/analysis.o
 .debug_macro   0x000013bc       0x4c ./Sources/analysis.o
 .debug_macro   0x00001408       0x3a ./Sources/analysis.o
 .debug_macro   0x00001442       0x26 ./Sources/analysis.o
 .debug_macro   0x00001468      0x306 ./Sources/analysis.o
 .debug_macro   0x0000176e       0x63 ./Sources/analysis.o
 .debug_macro   0x000017d1     0x839f ./Sources/analysis.o
 .debug_macro   0x00009b70       0x16 ./Sources/analysis.o
 .debug_macro   0x00009b86      0x133 ./Sources/circbuf.o
 .debug_macro   0x00009cb9      0x107 ./Sources/data.o
 .debug_macro   0x00009dc0       0x16 ./Sources/data.o
 .debug_macro   0x00009dd6      0x196 ./Sources/log.o
 .debug_macro   0x00009f6c       0x2e ./Sources/log.o
 .debug_macro   0x00009f9a      0x1f9 ./Sources/main.o
 .debug_macro   0x0000a193       0x16 ./Sources/main.o
 .debug_macro   0x0000a1a9       0x44 ./Sources/main.o
 .debug_macro   0x0000a1ed      0x209 ./Sources/main.o
 .debug_macro   0x0000a3f6       0x3a ./Sources/main.o
 .debug_macro   0x0000a430       0x34 ./Sources/main.o
 .debug_macro   0x0000a464      0x2a6 ./Sources/main.o
 .debug_macro   0x0000a70a       0x10 ./Sources/main.o
 .debug_macro   0x0000a71a       0x10 ./Sources/main.o
 .debug_macro   0x0000a72a      0x185 ./Sources/rtc.o
 .debug_macro   0x0000a8af      0x18b ./Sources/uart.o
 .debug_macro   0x0000aa3a       0x7e ./Project_Settings/Startup_Code/system_MKL25Z4.o

.debug_line     0x00000000     0x1998
 .debug_line    0x00000000      0x2e4 ./Sources/analysis.o
 .debug_line    0x000002e4      0x2e7 ./Sources/circbuf.o
 .debug_line    0x000005cb      0x34a ./Sources/data.o
 .debug_line    0x00000915      0x375 ./Sources/log.o
 .debug_line    0x00000c8a      0x359 ./Sources/main.o
 .debug_line    0x00000fe3      0x3c5 ./Sources/rtc.o
 .debug_line    0x000013a8      0x335 ./Sources/uart.o
 .debug_line    0x000016dd       0x7b ./Project_Settings/Startup_Code/startup_MKL25Z4.o
 .debug_line    0x00001758      0x240 ./Project_Settings/Startup_Code/system_MKL25Z4.o

.debug_str      0x00000000    0x354b8
 .debug_str     0x00000000    0x33a5c ./Sources/analysis.o
                              0x33f07 (size before relaxing)
 .debug_str     0x00033a5c      0x1b0 ./Sources/circbuf.o
                               0x5001 (size before relaxing)
 .debug_str     0x00033c0c       0xc3 ./Sources/data.o
                               0x4e4f (size before relaxing)
 .debug_str     0x00033ccf      0x34b ./Sources/log.o
                              0x34246 (size before relaxing)
 .debug_str     0x0003401a     0x1025 ./Sources/main.o
                              0x352da (size before relaxing)
 .debug_str     0x0003503f      0x3aa ./Sources/rtc.o
                              0x34280 (size before relaxing)
 .debug_str     0x000353e9       0x58 ./Sources/uart.o
                              0x344b7 (size before relaxing)
 .debug_str     0x00035441       0x77 ./Project_Settings/Startup_Code/system_MKL25Z4.o
                              0x31f0f (size before relaxing)

.comment        0x00000000       0x70
 .comment       0x00000000       0x70 ./Sources/analysis.o
                                 0x71 (size before relaxing)
 .comment       0x00000000       0x71 ./Sources/circbuf.o
 .comment       0x00000000       0x71 ./Sources/data.o
 .comment       0x00000000       0x71 ./Sources/log.o
 .comment       0x00000000       0x71 ./Sources/main.o
 .comment       0x00000000       0x71 ./Sources/rtc.o
 .comment       0x00000000       0x71 ./Sources/uart.o
 .comment       0x00000000       0x71 ./Project_Settings/Startup_Code/system_MKL25Z4.o

.debug_frame    0x00000000      0x874
 .debug_frame   0x00000000       0x30 ./Sources/analysis.o
 .debug_frame   0x00000030       0xf0 ./Sources/circbuf.o
 .debug_frame   0x00000120       0xb0 ./Sources/data.o
 .debug_frame   0x000001d0      0x108 ./Sources/log.o
 .debug_frame   0x000002d8       0x54 ./Sources/main.o
 .debug_frame   0x0000032c      0x150 ./Sources/rtc.o
 .debug_frame   0x0000047c       0xb0 ./Sources/uart.o
 .debug_frame   0x0000052c       0x4c ./Project_Settings/Startup_Code/system_MKL25Z4.o
 .debug_frame   0x00000578       0x20 c:/freescale/kds_v3/toolchain/bin/../lib/gcc/arm-none-eabi/4.8.4/armv6-m\libgcc.a(_divsi3.o)
 .debug_frame   0x00000598       0x28 c:/freescale/kds_v3/toolchain/bin/../lib/gcc/arm-none-eabi/4.8.4/../../../../arm-none-eabi/lib/armv6-m\libg_s.a(lib_a-exit.o)
 .debug_frame   0x000005c0       0x2c c:/freescale/kds_v3/toolchain/bin/../lib/gcc/arm-none-eabi/4.8.4/../../../../arm-none-eabi/lib/armv6-m\libg_s.a(lib_a-init.o)
 .debug_frame   0x000005ec       0x40 c:/freescale/kds_v3/toolchain/bin/../lib/gcc/arm-none-eabi/4.8.4/../../../../arm-none-eabi/lib/armv6-m\libg_s.a(lib_a-malloc.o)
 .debug_frame   0x0000062c       0x20 c:/freescale/kds_v3/toolchain/bin/../lib/gcc/arm-none-eabi/4.8.4/../../../../arm-none-eabi/lib/armv6-m\libg_s.a(lib_a-memset.o)
 .debug_frame   0x0000064c       0x2c c:/freescale/kds_v3/toolchain/bin/../lib/gcc/arm-none-eabi/4.8.4/../../../../arm-none-eabi/lib/armv6-m\libg_s.a(lib_a-nano-mallocr.o)
 .debug_frame   0x00000678       0x2c c:/freescale/kds_v3/toolchain/bin/../lib/gcc/arm-none-eabi/4.8.4/../../../../arm-none-eabi/lib/armv6-m\libg_s.a(lib_a-sbrkr.o)
 .debug_frame   0x000006a4      0x148 c:/freescale/kds_v3/toolchain/bin/../lib/gcc/arm-none-eabi/4.8.4/../../../../arm-none-eabi/lib/armv6-m\libg_s.a(lib_a-findfp.o)
 .debug_frame   0x000007ec       0x48 c:/freescale/kds_v3/toolchain/bin/../lib/gcc/arm-none-eabi/4.8.4/../../../../arm-none-eabi/lib/armv6-m\libg_s.a(lib_a-reent.o)
 .debug_frame   0x00000834       0x20 c:/freescale/kds_v3/toolchain/bin/../lib/gcc/arm-none-eabi/4.8.4/../../../../arm-none-eabi/lib/armv6-m\libnosys.a(sbrk.o)
 .debug_frame   0x00000854       0x20 c:/freescale/kds_v3/toolchain/bin/../lib/gcc/arm-none-eabi/4.8.4/../../../../arm-none-eabi/lib/armv6-m\libnosys.a(_exit.o)

.stabstr        0x00000000      0x14d
 .stabstr       0x00000000      0x14d c:/freescale/kds_v3/toolchain/bin/../lib/gcc/arm-none-eabi/4.8.4/../../../../arm-none-eabi/lib/armv6-m\libnosys.a(close.o)
