Archive member included because of file (symbol)

c:/freescale/kds_v3/toolchain/bin/../lib/gcc/arm-none-eabi/4.8.4/armv6-m\libgcc.a(_udivsi3.o)
                              ./Sources/rtc.o (__aeabi_uidiv)
c:/freescale/kds_v3/toolchain/bin/../lib/gcc/arm-none-eabi/4.8.4/armv6-m\libgcc.a(_divsi3.o)
                              ./Sources/data.o (__aeabi_idiv)
c:/freescale/kds_v3/toolchain/bin/../lib/gcc/arm-none-eabi/4.8.4/armv6-m\libgcc.a(_dvmd_tls.o)
                              c:/freescale/kds_v3/toolchain/bin/../lib/gcc/arm-none-eabi/4.8.4/armv6-m\libgcc.a(_udivsi3.o) (__aeabi_idiv0)
c:/freescale/kds_v3/toolchain/bin/../lib/gcc/arm-none-eabi/4.8.4/../../../../arm-none-eabi/lib/armv6-m\libg_s.a(lib_a-exit.o)
                              c:/freescale/kds_v3/toolchain/bin/../lib/gcc/arm-none-eabi/4.8.4/../../../../arm-none-eabi/lib/armv6-m/crt0.o (exit)
c:/freescale/kds_v3/toolchain/bin/../lib/gcc/arm-none-eabi/4.8.4/../../../../arm-none-eabi/lib/armv6-m\libg_s.a(lib_a-impure.o)
                              c:/freescale/kds_v3/toolchain/bin/../lib/gcc/arm-none-eabi/4.8.4/../../../../arm-none-eabi/lib/armv6-m\libg_s.a(lib_a-exit.o) (_global_impure_ptr)
c:/freescale/kds_v3/toolchain/bin/../lib/gcc/arm-none-eabi/4.8.4/../../../../arm-none-eabi/lib/armv6-m\libg_s.a(lib_a-init.o)
                              c:/freescale/kds_v3/toolchain/bin/../lib/gcc/arm-none-eabi/4.8.4/../../../../arm-none-eabi/lib/armv6-m/crt0.o (__libc_init_array)
c:/freescale/kds_v3/toolchain/bin/../lib/gcc/arm-none-eabi/4.8.4/../../../../arm-none-eabi/lib/armv6-m\libg_s.a(lib_a-malloc.o)
                              ./Sources/circbuf.o (malloc)
c:/freescale/kds_v3/toolchain/bin/../lib/gcc/arm-none-eabi/4.8.4/../../../../arm-none-eabi/lib/armv6-m\libg_s.a(lib_a-memcpy-stub.o)
                              ./Sources/nordic.o (memcpy)
c:/freescale/kds_v3/toolchain/bin/../lib/gcc/arm-none-eabi/4.8.4/../../../../arm-none-eabi/lib/armv6-m\libg_s.a(lib_a-memset.o)
                              c:/freescale/kds_v3/toolchain/bin/../lib/gcc/arm-none-eabi/4.8.4/../../../../arm-none-eabi/lib/armv6-m/crt0.o (memset)
c:/freescale/kds_v3/toolchain/bin/../lib/gcc/arm-none-eabi/4.8.4/../../../../arm-none-eabi/lib/armv6-m\libg_s.a(lib_a-nano-freer.o)
                              c:/freescale/kds_v3/toolchain/bin/../lib/gcc/arm-none-eabi/4.8.4/../../../../arm-none-eabi/lib/armv6-m\libg_s.a(lib_a-malloc.o) (_free_r)
c:/freescale/kds_v3/toolchain/bin/../lib/gcc/arm-none-eabi/4.8.4/../../../../arm-none-eabi/lib/armv6-m\libg_s.a(lib_a-nano-mallocr.o)
                              c:/freescale/kds_v3/toolchain/bin/../lib/gcc/arm-none-eabi/4.8.4/../../../../arm-none-eabi/lib/armv6-m\libg_s.a(lib_a-malloc.o) (_malloc_r)
c:/freescale/kds_v3/toolchain/bin/../lib/gcc/arm-none-eabi/4.8.4/../../../../arm-none-eabi/lib/armv6-m\libg_s.a(lib_a-printf.o)
                              ./Sources/data.o (printf)
c:/freescale/kds_v3/toolchain/bin/../lib/gcc/arm-none-eabi/4.8.4/../../../../arm-none-eabi/lib/armv6-m\libg_s.a(lib_a-sbrkr.o)
                              c:/freescale/kds_v3/toolchain/bin/../lib/gcc/arm-none-eabi/4.8.4/../../../../arm-none-eabi/lib/armv6-m\libg_s.a(lib_a-nano-mallocr.o) (_sbrk_r)
c:/freescale/kds_v3/toolchain/bin/../lib/gcc/arm-none-eabi/4.8.4/../../../../arm-none-eabi/lib/armv6-m\libg_s.a(lib_a-vfprintf.o)
                              c:/freescale/kds_v3/toolchain/bin/../lib/gcc/arm-none-eabi/4.8.4/../../../../arm-none-eabi/lib/armv6-m\libg_s.a(lib_a-printf.o) (_vfprintf_r)
c:/freescale/kds_v3/toolchain/bin/../lib/gcc/arm-none-eabi/4.8.4/../../../../arm-none-eabi/lib/armv6-m\libg_s.a(lib_a-vfprintf_i.o)
                              c:/freescale/kds_v3/toolchain/bin/../lib/gcc/arm-none-eabi/4.8.4/../../../../arm-none-eabi/lib/armv6-m\libg_s.a(lib_a-vfprintf.o) (_printf_i)
c:/freescale/kds_v3/toolchain/bin/../lib/gcc/arm-none-eabi/4.8.4/../../../../arm-none-eabi/lib/armv6-m\libg_s.a(lib_a-wbuf.o)
                              c:/freescale/kds_v3/toolchain/bin/../lib/gcc/arm-none-eabi/4.8.4/../../../../arm-none-eabi/lib/armv6-m\libg_s.a(lib_a-vfprintf.o) (__swbuf_r)
c:/freescale/kds_v3/toolchain/bin/../lib/gcc/arm-none-eabi/4.8.4/../../../../arm-none-eabi/lib/armv6-m\libg_s.a(lib_a-wsetup.o)
                              c:/freescale/kds_v3/toolchain/bin/../lib/gcc/arm-none-eabi/4.8.4/../../../../arm-none-eabi/lib/armv6-m\libg_s.a(lib_a-vfprintf.o) (__swsetup_r)
c:/freescale/kds_v3/toolchain/bin/../lib/gcc/arm-none-eabi/4.8.4/../../../../arm-none-eabi/lib/armv6-m\libg_s.a(lib_a-fflush.o)
                              c:/freescale/kds_v3/toolchain/bin/../lib/gcc/arm-none-eabi/4.8.4/../../../../arm-none-eabi/lib/armv6-m\libg_s.a(lib_a-wbuf.o) (_fflush_r)
c:/freescale/kds_v3/toolchain/bin/../lib/gcc/arm-none-eabi/4.8.4/../../../../arm-none-eabi/lib/armv6-m\libg_s.a(lib_a-findfp.o)
[...]
Memory Configuration

Name             Origin             Length             Attributes
m_interrupts     0x00000000         0x00000100         xr
m_flash_config   0x00000400         0x00000010         xr
m_text           0x00000410         0x0001fbf0         xr
m_data           0x1ffff000         0x00004000         rw
*default*        0x00000000         0xffffffff

Linker script and memory map

LOAD c:/freescale/kds_v3/toolchain/bin/../lib/gcc/arm-none-eabi/4.8.4/armv6-m/crti.o
LOAD c:/freescale/kds_v3/toolchain/bin/../lib/gcc/arm-none-eabi/4.8.4/armv6-m/crtbegin.o
LOAD c:/freescale/kds_v3/toolchain/bin/../lib/gcc/arm-none-eabi/4.8.4/../../../../arm-none-eabi/lib/armv6-m/crt0.o
LOAD ./Sources/analysis.o
LOAD ./Sources/circbuf.o
LOAD ./Sources/data.o
LOAD ./Sources/gpio.o
LOAD ./Sources/led.o
LOAD ./Sources/log.o
LOAD ./Sources/main.o
LOAD ./Sources/message.o
LOAD ./Sources/nordic.o
LOAD ./Sources/rtc.o
LOAD ./Sources/spi.o
LOAD ./Sources/uart.o
LOAD ./Project_Settings/Startup_Code/startup_MKL25Z4.o
LOAD ./Project_Settings/Startup_Code/system_MKL25Z4.o
LOAD c:/freescale/kds_v3/toolchain/bin/../lib/gcc/arm-none-eabi/4.8.4/../../../../arm-none-eabi/lib/armv6-m\libstdc++_s.a
LOAD c:/freescale/kds_v3/toolchain/bin/../lib/gcc/arm-none-eabi/4.8.4/../../../../arm-none-eabi/lib/armv6-m\libm.a
START GROUP
LOAD c:/freescale/kds_v3/toolchain/bin/../lib/gcc/arm-none-eabi/4.8.4/armv6-m\libgcc.a
LOAD c:/freescale/kds_v3/toolchain/bin/../lib/gcc/arm-none-eabi/4.8.4/../../../../arm-none-eabi/lib/armv6-m\libg_s.a
LOAD c:/freescale/kds_v3/toolchain/bin/../lib/gcc/arm-none-eabi/4.8.4/../../../../arm-none-eabi/lib/armv6-m\libc_s.a
END GROUP
START GROUP
LOAD c:/freescale/kds_v3/toolchain/bin/../lib/gcc/arm-none-eabi/4.8.4/armv6-m\libgcc.a
LOAD c:/freescale/kds_v3/toolchain/bin/../lib/gcc/arm-none-eabi/4.8.4/../../../../arm-none-eabi/lib/armv6-m\libc_s.a
LOAD c:/freescale/kds_v3/toolchain/bin/../lib/gcc/arm-none-eabi/4.8.4/../../../../arm-none-eabi/lib/armv6-m\libnosys.a
END GROUP
START GROUP
LOAD c:/freescale/kds_v3/toolchain/bin/../lib/gcc/arm-none-eabi/4.8.4/armv6-m\libgcc.a
LOAD c:/freescale/kds_v3/toolchain/bin/../lib/gcc/arm-none-eabi/4.8.4/../../../../arm-none-eabi/lib/armv6-m\libc_s.a
LOAD c:/freescale/kds_v3/toolchain/bin/../lib/gcc/arm-none-eabi/4.8.4/../../../../arm-none-eabi/lib/armv6-m\libnosys.a
END GROUP
LOAD c:/freescale/kds_v3/toolchain/bin/../lib/gcc/arm-none-eabi/4.8.4/armv6-m/crtend.o
LOAD c:/freescale/kds_v3/toolchain/bin/../lib/gcc/arm-none-eabi/4.8.4/armv6-m/crtn.o
                0x00000400                HEAP_SIZE = DEFINED (__heap_size__)?__heap_size__:0x400
                0x00000400                STACK_SIZE = DEFINED (__stack_size__)?__stack_size__:0x400

.interrupts     0x00000000       0xc0
                0x00000000                __VECTOR_TABLE = .
                0x00000000                . = ALIGN (0x4)
 *(.isr_vector)
 .isr_vector    0x00000000       0xc0 ./Project_Settings/Startup_Code/startup_MKL25Z4.o
                0x00000000                __isr_vector
                0x000000c0                . = ALIGN (0x4)

.flash_config   0x00000400       0x10
                0x00000400                . = ALIGN (0x4)
 *(.FlashConfig)
 .FlashConfig   0x00000400       0x10 ./Project_Settings/Startup_Code/startup_MKL25Z4.o
                0x00000410                . = ALIGN (0x4)

.text           0x00000410     0x1774
                0x00000410                . = ALIGN (0x4)
 *(.text)
 .text          0x00000410       0x60 c:/freescale/kds_v3/toolchain/bin/../lib/gcc/arm-none-eabi/4.8.4/armv6-m/crtbegin.o
 .text          0x00000470       0x78 c:/freescale/kds_v3/toolchain/bin/../lib/gcc/arm-none-eabi/4.8.4/../../../../arm-none-eabi/lib/armv6-m/crt0.o
                0x00000470                _start
                0x00000470                _mainCRTStartup
 .text          0x000004e8       0x34 ./Project_Settings/Startup_Code/startup_MKL25Z4.o
                0x000004e8                Reset_Handler
                0x00000514                HardFault_Handler
                0x00000514                SysTick_Handler
                0x00000514                PendSV_Handler
                0x00000514                NMI_Handler
                0x00000514                I2C1_IRQHandler
                0x00000514                UART1_IRQHandler
                0x00000514                DMA2_IRQHandler
                0x00000514                TPM0_IRQHandler
                0x00000514                LLWU_IRQHandler
                0x00000514                TSI0_IRQHandler
                0x00000514                ADC0_IRQHandler
                0x00000514                Reserved39_IRQHandler
                0x00000514                SPI1_IRQHandler
                0x00000514                DefaultISR
                0x00000514                PORTD_IRQHandler
                0x00000514                TPM2_IRQHandler
                0x00000514                RTC_IRQHandler
                0x00000514                I2C0_IRQHandler
                0x00000514                MCG_IRQHandler
                0x00000514                UART2_IRQHandler
                0x00000514                Reserved20_IRQHandler
                0x00000514                USB0_IRQHandler
                0x00000514                PIT_IRQHandler
                0x00000514                SVC_Handler
                0x00000514                DMA3_IRQHandler
                0x00000514                DMA0_IRQHandler
                0x00000514                DAC0_IRQHandler
                0x00000514                Reserved45_IRQHandler
                0x00000514                TPM1_IRQHandler
                0x00000514                LVD_LVW_IRQHandler
                0x00000514                SPI0_IRQHandler
                0x00000514                PORTA_IRQHandler
                0x00000514                FTFA_IRQHandler
                0x00000514                LPTMR0_IRQHandler
                0x00000514                CMP0_IRQHandler
                0x00000514                DMA1_IRQHandler
 .text          0x0000051c       0x9c c:/freescale/kds_v3/toolchain/bin/../lib/gcc/arm-none-eabi/4.8.4/armv6-m\libgcc.a(_udivsi3.o)
                0x0000051c                __aeabi_uidiv
                0x0000051c                __udivsi3
                0x000005a4                __aeabi_uidivmod
 .text          0x000005b8       0xc0 c:/freescale/kds_v3/toolchain/bin/../lib/gcc/arm-none-eabi/4.8.4/armv6-m\libgcc.a(_divsi3.o)
                0x000005b8                __divsi3
                0x000005b8                __aeabi_idiv
                0x00000664                __aeabi_idivmod
 .text          0x00000678        0x4 c:/freescale/kds_v3/toolchain/bin/../lib/gcc/arm-none-eabi/4.8.4/armv6-m\libgcc.a(_dvmd_tls.o)
                0x00000678                __aeabi_idiv0
                0x00000678                __aeabi_ldiv0
 *(.text*)
 .text.CB_IsBufferFull
                0x0000067c       0x30 ./Sources/circbuf.o
 .text.CB_IsBufferEmpty
                0x000006ac       0x2c ./Sources/circbuf.o
 .text.CB_IntitalizeBuffer
                0x000006d8       0x3c ./Sources/circbuf.o
                0x000006d8                CB_IntitalizeBuffer
 .text.CB_AddItem
                0x00000714       0x8c ./Sources/circbuf.o
                0x00000714                CB_AddItem
 .text.CB_RemoveItem
                0x000007a0       0xbc ./Sources/circbuf.o
                0x000007a0                CB_RemoveItem
 .text.my_itoa  0x0000085c      0x144 ./Sources/data.o
                0x0000085c                my_itoa
 .text.NVIC_SystemReset
                0x000009a0       0x20 ./Sources/led.o
 .text.led_init
                0x000009c0       0xc8 ./Sources/led.o
                0x000009c0                led_init
 .text.led_control
                0x00000a88       0x94 ./Sources/led.o
                0x00000a88                led_control
 .text.system_reset
                0x00000b1c        0xc ./Sources/led.o
                0x00000b1c                system_reset
 .text.log_raw_string
                0x00000b28       0x60 ./Sources/log.o
                0x00000b28                log_raw_string
 .text.log_raw_intr
                0x00000b88       0x4c ./Sources/log.o
                0x00000b88                log_raw_intr
 .text.create_log_item
                0x00000bd4       0x68 ./Sources/log.o
                0x00000bd4                create_log_item
 .text.log_item
                0x00000c3c       0x94 ./Sources/log.o
                0x00000c3c                log_item
 .text.log_initialize
                0x00000cd0        0xc ./Sources/log.o
                0x00000cd0                log_initialize
 .text.CB_IsBufferEmpty
                0x00000cdc       0x2c ./Sources/main.o
 .text.main     0x00000d08      0x1ac ./Sources/main.o
                0x00000d08                main
 .text.RTC_Seconds_IRQHandler
                0x00000eb4       0xc0 ./Sources/main.o
                0x00000eb4                RTC_Seconds_IRQHandler
 .text.Decode_CI_Msg
                0x00000f74      0x18c ./Sources/message.o
                0x00000f74                Decode_CI_Msg
 .text.NVIC_EnableIRQ
                0x00001100       0x2c ./Sources/rtc.o
 .text.rtc_init
                0x0000112c      0x12c ./Sources/rtc.o
                0x0000112c                rtc_init
 .text.time_calc
                0x00001258      0x398 ./Sources/rtc.o
                0x00001258                time_calc
 .text.NVIC_EnableIRQ
                0x000015f0       0x2c ./Sources/uart.o
 .text.CB_IsBufferFull
                0x0000161c       0x30 ./Sources/uart.o
 .text.CB_IsBufferEmpty
                0x0000164c       0x2c ./Sources/uart.o
 .text.uart_configure
                0x00001678      0x110 ./Sources/uart.o
                0x00001678                uart_configure
 .text.UART0_IRQHandler
                0x00001788       0x9c ./Sources/uart.o
                0x00001788                UART0_IRQHandler
 .text.uart_send_byte
                0x00001824       0x20 ./Sources/uart.o
                0x00001824                uart_send_byte
 .text.uart_receive_byte
                0x00001844       0x30 ./Sources/uart.o
                0x00001844                uart_receive_byte
 .text.SystemInit
                0x00001874       0x18 ./Project_Settings/Startup_Code/system_MKL25Z4.o
                0x00001874                SystemInit
 .text.exit     0x0000188c       0x2c c:/freescale/kds_v3/toolchain/bin/../lib/gcc/arm-none-eabi/4.8.4/../../../../arm-none-eabi/lib/armv6-m\libg_s.a(lib_a-exit.o)
                0x0000188c                exit
 .text.__libc_init_array
                0x000018b8       0x4c c:/freescale/kds_v3/toolchain/bin/../lib/gcc/arm-none-eabi/4.8.4/../../../../arm-none-eabi/lib/armv6-m\libg_s.a(lib_a-init.o)
                0x000018b8                __libc_init_array
 .text.malloc   0x00001904       0x14 c:/freescale/kds_v3/toolchain/bin/../lib/gcc/arm-none-eabi/4.8.4/../../../../arm-none-eabi/lib/armv6-m\libg_s.a(lib_a-malloc.o)
                0x00001904                malloc
 .text.memset   0x00001918       0x10 c:/freescale/kds_v3/toolchain/bin/../lib/gcc/arm-none-eabi/4.8.4/../../../../arm-none-eabi/lib/armv6-m\libg_s.a(lib_a-memset.o)
                0x00001918                memset
 .text._malloc_r
                0x00001928       0xa8 c:/freescale/kds_v3/toolchain/bin/../lib/gcc/arm-none-eabi/4.8.4/../../../../arm-none-eabi/lib/armv6-m\libg_s.a(lib_a-nano-mallocr.o)
                0x00001928                _malloc_r
 .text._sbrk_r  0x000019d0       0x24 c:/freescale/kds_v3/toolchain/bin/../lib/gcc/arm-none-eabi/4.8.4/../../../../arm-none-eabi/lib/armv6-m\libg_s.a(lib_a-sbrkr.o)
                0x000019d0                _sbrk_r
 .text._sbrk    0x000019f4       0x34 c:/freescale/kds_v3/toolchain/bin/../lib/gcc/arm-none-eabi/4.8.4/../../../../arm-none-eabi/lib/armv6-m\libnosys.a(sbrk.o)
                0x000019f4                _sbrk
 .text._exit    0x00001a28        0x4 c:/freescale/kds_v3/toolchain/bin/../lib/gcc/arm-none-eabi/4.8.4/../../../../arm-none-eabi/lib/armv6-m\libnosys.a(_exit.o)
                0x00001a28                _exit
 *(.rodata)
 .rodata        0x00001a2c       0x30 ./Sources/log.o
 .rodata        0x00001a5c       0x7c ./Sources/main.o
 *(.rodata*)
 .rodata.Decode_CI_Msg
                0x00001ad8       0x2c ./Sources/message.o
 .rodata.str1.1
                0x00001b04        0x2 c:/freescale/kds_v3/toolchain/bin/../lib/gcc/arm-none-eabi/4.8.4/../../../../arm-none-eabi/lib/armv6-m\libg_s.a(lib_a-impure.o)
 *fill*         0x00001b06        0x2 
 .rodata._global_impure_ptr
                0x00001b08        0x4 c:/freescale/kds_v3/toolchain/bin/../lib/gcc/arm-none-eabi/4.8.4/../../../../arm-none-eabi/lib/armv6-m\libg_s.a(lib_a-impure.o)
                0x00001b08                _global_impure_ptr
 .rodata.__sf_fake_stdin
                0x00001b0c       0x20 c:/freescale/kds_v3/toolchain/bin/../lib/gcc/arm-none-eabi/4.8.4/../../../../arm-none-eabi/lib/armv6-m\libg_s.a(lib_a-findfp.o)
                0x00001b0c                __sf_fake_stdin
 .rodata.__sf_fake_stdout
                0x00001b2c       0x20 c:/freescale/kds_v3/toolchain/bin/../lib/gcc/arm-none-eabi/4.8.4/../../../../arm-none-eabi/lib/armv6-m\libg_s.a(lib_a-findfp.o)
                0x00001b2c                __sf_fake_stdout
 .rodata.__sf_fake_stderr
                0x00001b4c       0x20 c:/freescale/kds_v3/toolchain/bin/../lib/gcc/arm-none-eabi/4.8.4/../../../../arm-none-eabi/lib/armv6-m\libg_s.a(lib_a-findfp.o)
                0x00001b4c                __sf_fake_stderr
 *(.glue_7)
 .glue_7        0x00000000        0x0 linker stubs
 *(.glue_7t)
 .glue_7t       0x00000000        0x0 linker stubs
 *(.eh_frame)
 .eh_frame      0x00001b6c        0x0 c:/freescale/kds_v3/toolchain/bin/../lib/gcc/arm-none-eabi/4.8.4/armv6-m/crtbegin.o
 *(.init)
 .init          0x00001b6c        0x4 c:/freescale/kds_v3/toolchain/bin/../lib/gcc/arm-none-eabi/4.8.4/armv6-m/crti.o
                0x00001b6c                _init
 .init          0x00001b70        0x8 c:/freescale/kds_v3/toolchain/bin/../lib/gcc/arm-none-eabi/4.8.4/armv6-m/crtn.o
 *(.fini)
 .fini          0x00001b78        0x4 c:/freescale/kds_v3/toolchain/bin/../lib/gcc/arm-none-eabi/4.8.4/armv6-m/crti.o
                0x00001b78                _fini
 .fini          0x00001b7c        0x8 c:/freescale/kds_v3/toolchain/bin/../lib/gcc/arm-none-eabi/4.8.4/armv6-m/crtn.o
                0x00001b84                . = ALIGN (0x4)

.vfp11_veneer   0x00001b84        0x0
 .vfp11_veneer  0x00000000        0x0 linker stubs

.v4_bx          0x00001b84        0x0
 .v4_bx         0x00000000        0x0 linker stubs

.iplt           0x00001b84        0x0
 .iplt          0x00000000        0x0 c:/freescale/kds_v3/toolchain/bin/../lib/gcc/arm-none-eabi/4.8.4/armv6-m/crtbegin.o

.ARM.extab
 *(.ARM.extab* .gnu.linkonce.armextab.*)

.ARM            0x00001b84        0x8
                0x00001b84                __exidx_start = .
 *(.ARM.exidx*)
 .ARM.exidx     0x00001b84        0x8 c:/freescale/kds_v3/toolchain/bin/../lib/gcc/arm-none-eabi/4.8.4/../../../../arm-none-eabi/lib/armv6-m/crt0.o
                0x00001b8c                __exidx_end = .

.rel.dyn        0x00001b8c        0x0
 .rel.iplt      0x00000000        0x0 c:/freescale/kds_v3/toolchain/bin/../lib/gcc/arm-none-eabi/4.8.4/armv6-m/crtbegin.o

.ctors          0x00001b8c        0x0
                0x00001b8c                __CTOR_LIST__ = .
 *crtbegin.o(.ctors)
 *crtbegin?.o(.ctors)
 *(EXCLUDE_FILE(*crtend.o *crtend?.o) .ctors)
 *(SORT(.ctors.*))
 *(.ctors)
                0x00001b8c                __CTOR_END__ = .

.dtors          0x00001b8c        0x0
                0x00001b8c                __DTOR_LIST__ = .
 *crtbegin.o(.dtors)
 *crtbegin?.o(.dtors)
 *(EXCLUDE_FILE(*crtend.o *crtend?.o) .dtors)
 *(SORT(.dtors.*))
 *(.dtors)
                0x00001b8c                __DTOR_END__ = .

.preinit_array  0x00001b8c        0x0
                0x00001b8c                PROVIDE (__preinit_array_start, .)
 *(.preinit_array*)
                0x00001b8c                PROVIDE (__preinit_array_end, .)

.init_array     0x00001b8c        0x4
                0x00001b8c                PROVIDE (__init_array_start, .)
 *(SORT(.init_array.*))
 *(.init_array*)
 .init_array    0x00001b8c        0x4 c:/freescale/kds_v3/toolchain/bin/../lib/gcc/arm-none-eabi/4.8.4/armv6-m/crtbegin.o
                0x00001b90                PROVIDE (__init_array_end, .)

.fini_array     0x00001b90        0x4
                0x00001b90                PROVIDE (__fini_array_start, .)
 *(SORT(.fini_array.*))
 *(.fini_array*)
 .fini_array    0x00001b90        0x4 c:/freescale/kds_v3/toolchain/bin/../lib/gcc/arm-none-eabi/4.8.4/armv6-m/crtbegin.o
                0x00001b94                PROVIDE (__fini_array_end, .)
                0x00001b94                __etext = .
                0x00001b94                __DATA_ROM = .

.mtb            0x1ffff000        0x0
                0x1ffff000                . = ALIGN (0x8)
                0x1ffff000                _mtb_start = .
 *(.mtb_buf)
                0x1ffff000                . = ALIGN (0x8)
                0x1ffff000                _mtb_end = .

.data           0x1ffff000       0x68 load address 0x00001b94
                0x1ffff000                . = ALIGN (0x4)
                0x1ffff000                __DATA_RAM = .
                0x1ffff000                __data_start__ = .
 *(.data)
 *(.data*)
 .data.impure_data
                0x1ffff000       0x60 c:/freescale/kds_v3/toolchain/bin/../lib/gcc/arm-none-eabi/4.8.4/../../../../arm-none-eabi/lib/armv6-m\libg_s.a(lib_a-impure.o)
 .data._impure_ptr
                0x1ffff060        0x4 c:/freescale/kds_v3/toolchain/bin/../lib/gcc/arm-none-eabi/4.8.4/../../../../arm-none-eabi/lib/armv6-m\libg_s.a(lib_a-impure.o)
                0x1ffff060                _impure_ptr
 *(.jcr*)
 .jcr           0x1ffff064        0x0 c:/freescale/kds_v3/toolchain/bin/../lib/gcc/arm-none-eabi/4.8.4/armv6-m/crtbegin.o
 .jcr           0x1ffff064        0x4 c:/freescale/kds_v3/toolchain/bin/../lib/gcc/arm-none-eabi/4.8.4/armv6-m/crtend.o
                0x1ffff068                . = ALIGN (0x4)
                0x1ffff068                __data_end__ = .
                0x00001bfc                __DATA_END = (__DATA_ROM + (__data_end__ - __data_start__))

.igot.plt       0x1ffff068        0x0 load address 0x00001bfc
 .igot.plt      0x00000000        0x0 c:/freescale/kds_v3/toolchain/bin/../lib/gcc/arm-none-eabi/4.8.4/armv6-m/crtbegin.o

.bss            0x1ffff068       0x7c load address 0x00001bfc
                0x1ffff068                . = ALIGN (0x4)
                0x1ffff068                __START_BSS = .
                0x1ffff068                __bss_start__ = .
 *(.bss)
 .bss           0x1ffff068       0x1c c:/freescale/kds_v3/toolchain/bin/../lib/gcc/arm-none-eabi/4.8.4/armv6-m/crtbegin.o
 *(.bss*)
 .bss.__malloc_sbrk_start
                0x1ffff084        0x4 c:/freescale/kds_v3/toolchain/bin/../lib/gcc/arm-none-eabi/4.8.4/../../../../arm-none-eabi/lib/armv6-m\libg_s.a(lib_a-nano-mallocr.o)
                0x1ffff084                __malloc_sbrk_start
 .bss.__malloc_free_list
                0x1ffff088        0x4 c:/freescale/kds_v3/toolchain/bin/../lib/gcc/arm-none-eabi/4.8.4/../../../../arm-none-eabi/lib/armv6-m\libg_s.a(lib_a-nano-mallocr.o)
                0x1ffff088                __malloc_free_list
 .bss.heap_end.4246
                0x1ffff08c        0x4 c:/freescale/kds_v3/toolchain/bin/../lib/gcc/arm-none-eabi/4.8.4/../../../../arm-none-eabi/lib/armv6-m\libnosys.a(sbrk.o)
 *(COMMON)
 COMMON         0x1ffff090       0x28 ./Sources/analysis.o
                0x1ffff090                rx_buf
                0x1ffff0a4                tx_buf
 COMMON         0x1ffff0b8        0xa ./Sources/led.o
                0x1ffff0b8                LED_Colour
                0x1ffff0bc                led_control_ptr
                0x1ffff0c0                brightness
 *fill*         0x1ffff0c2        0x2 
 COMMON         0x1ffff0c4       0x19 ./Sources/main.o
                0x1ffff0c4                log
                0x1ffff0c8                myrtc
                0x1ffff0d0                rtc_time
                0x1ffff0d4                CI_Msg
                0x1ffff0d8                tx_addr
 *fill*         0x1ffff0dd        0x3 
 COMMON         0x1ffff0e0        0x4 c:/freescale/kds_v3/toolchain/bin/../lib/gcc/arm-none-eabi/4.8.4/../../../../arm-none-eabi/lib/armv6-m\libg_s.a(lib_a-reent.o)
                0x1ffff0e0                errno
                0x1ffff0e4                . = ALIGN (0x4)
                0x1ffff0e4                __bss_end__ = .
                0x1ffff0e4                __END_BSS = .

.heap           0x1ffff0e4      0x404 load address 0x00001c78
                0x1ffff0e8                . = ALIGN (0x8)
 *fill*         0x1ffff0e4        0x4 
                0x1ffff0e8                __end__ = .
                0x1ffff0e8                PROVIDE (end, .)
                0x1ffff0e8                __HeapBase = .
                0x1ffff4e8                . = (. + HEAP_SIZE)
 *fill*         0x1ffff0e8      0x400 
                0x1ffff4e8                __HeapLimit = .

.stack          0x1ffff4e8      0x400 load address 0x0000207c
                0x1ffff4e8                . = ALIGN (0x8)
                0x1ffff8e8                . = (. + STACK_SIZE)
 *fill*         0x1ffff4e8      0x400 
                0x20003000                __StackTop = (ORIGIN (m_data) + 0x4000)
                0x20002c00                __StackLimit = (__StackTop - STACK_SIZE)
                0x20003000                PROVIDE (__stack, __StackTop)

.ARM.attributes
                0x00000000       0x28
 *(.ARM.attributes)
 .ARM.attributes
                0x00000000       0x1e c:/freescale/kds_v3/toolchain/bin/../lib/gcc/arm-none-eabi/4.8.4/armv6-m/crti.o
 .ARM.attributes
                0x0000001e       0x2c c:/freescale/kds_v3/toolchain/bin/../lib/gcc/arm-none-eabi/4.8.4/armv6-m/crtbegin.o
 .ARM.attributes
                0x0000004a       0x1b c:/freescale/kds_v3/toolchain/bin/../lib/gcc/arm-none-eabi/4.8.4/../../../../arm-none-eabi/lib/armv6-m/crt0.o
 .ARM.attributes
                0x00000065       0x32 ./Sources/analysis.o
 .ARM.attributes
                0x00000097       0x32 ./Sources/circbuf.o
 .ARM.attributes
                0x000000c9       0x32 ./Sources/data.o
 .ARM.attributes
                0x000000fb       0x32 ./Sources/led.o
 .ARM.attributes
                0x0000012d       0x32 ./Sources/log.o
 .ARM.attributes
                0x0000015f       0x32 ./Sources/main.o
 .ARM.attributes
                0x00000191       0x32 ./Sources/message.o
 .ARM.attributes
                0x000001c3       0x32 ./Sources/rtc.o
 .ARM.attributes
                0x000001f5       0x32 ./Sources/uart.o
 .ARM.attributes
                0x00000227       0x1b ./Project_Settings/Startup_Code/startup_MKL25Z4.o
 .ARM.attributes
                0x00000242       0x32 ./Project_Settings/Startup_Code/system_MKL25Z4.o
 .ARM.attributes
                0x00000274       0x1e c:/freescale/kds_v3/toolchain/bin/../lib/gcc/arm-none-eabi/4.8.4/armv6-m\libgcc.a(_udivsi3.o)
 .ARM.attributes
                0x00000292       0x1e c:/freescale/kds_v3/toolchain/bin/../lib/gcc/arm-none-eabi/4.8.4/armv6-m\libgcc.a(_divsi3.o)
 .ARM.attributes
                0x000002b0       0x1e c:/freescale/kds_v3/toolchain/bin/../lib/gcc/arm-none-eabi/4.8.4/armv6-m\libgcc.a(_dvmd_tls.o)
 .ARM.attributes
                0x000002ce       0x2c c:/freescale/kds_v3/toolchain/bin/../lib/gcc/arm-none-eabi/4.8.4/../../../../arm-none-eabi/lib/armv6-m\libg_s.a(lib_a-exit.o)
 .ARM.attributes
                0x000002fa       0x2c c:/freescale/kds_v3/toolchain/bin/../lib/gcc/arm-none-eabi/4.8.4/../../../../arm-none-eabi/lib/armv6-m\libg_s.a(lib_a-impure.o)
 .ARM.attributes
                0x00000326       0x2c c:/freescale/kds_v3/toolchain/bin/../lib/gcc/arm-none-eabi/4.8.4/../../../../arm-none-eabi/lib/armv6-m\libg_s.a(lib_a-init.o)
 .ARM.attributes
                0x00000352       0x2c c:/freescale/kds_v3/toolchain/bin/../lib/gcc/arm-none-eabi/4.8.4/../../../../arm-none-eabi/lib/armv6-m\libg_s.a(lib_a-malloc.o)
 .ARM.attributes
                0x0000037e       0x2c c:/freescale/kds_v3/toolchain/bin/../lib/gcc/arm-none-eabi/4.8.4/../../../../arm-none-eabi/lib/armv6-m\libg_s.a(lib_a-memset.o)
 .ARM.attributes
                0x000003aa       0x2c c:/freescale/kds_v3/toolchain/bin/../lib/gcc/arm-none-eabi/4.8.4/../../../../arm-none-eabi/lib/armv6-m\libg_s.a(lib_a-nano-mallocr.o)
 .ARM.attributes
                0x000003d6       0x2c c:/freescale/kds_v3/toolchain/bin/../lib/gcc/arm-none-eabi/4.8.4/../../../../arm-none-eabi/lib/armv6-m\libg_s.a(lib_a-sbrkr.o)
 .ARM.attributes
                0x00000402       0x2c c:/freescale/kds_v3/toolchain/bin/../lib/gcc/arm-none-eabi/4.8.4/../../../../arm-none-eabi/lib/armv6-m\libg_s.a(lib_a-findfp.o)
 .ARM.attributes
                0x0000042e       0x2c c:/freescale/kds_v3/toolchain/bin/../lib/gcc/arm-none-eabi/4.8.4/../../../../arm-none-eabi/lib/armv6-m\libg_s.a(lib_a-reent.o)
 .ARM.attributes
                0x0000045a       0x2c c:/freescale/kds_v3/toolchain/bin/../lib/gcc/arm-none-eabi/4.8.4/../../../../arm-none-eabi/lib/armv6-m\libnosys.a(sbrk.o)
 .ARM.attributes
                0x00000486       0x2c c:/freescale/kds_v3/toolchain/bin/../lib/gcc/arm-none-eabi/4.8.4/../../../../arm-none-eabi/lib/armv6-m\libnosys.a(_exit.o)
 .ARM.attributes
                0x000004b2       0x2c c:/freescale/kds_v3/toolchain/bin/../lib/gcc/arm-none-eabi/4.8.4/armv6-m/crtend.o
 .ARM.attributes
                0x000004de       0x1e c:/freescale/kds_v3/toolchain/bin/../lib/gcc/arm-none-eabi/4.8.4/armv6-m/crtn.o
                0x00000001                ASSERT ((__StackLimit >= __HeapLimit), region m_data overflowed with stack and heap)
OUTPUT(Project4.elf elf32-littlearm)

.debug_info     0x00000000     0x2f5a
 .debug_info    0x00000000      0x249 ./Sources/analysis.o
 .debug_info    0x00000249      0x2ff ./Sources/circbuf.o
 .debug_info    0x00000548      0x309 ./Sources/data.o
 .debug_info    0x00000851      0x5d5 ./Sources/led.o
 .debug_info    0x00000e26      0x488 ./Sources/log.o
 .debug_info    0x000012ae      0x65c ./Sources/main.o
 .debug_info    0x0000190a      0x286 ./Sources/message.o
 .debug_info    0x00001b90      0x785 ./Sources/rtc.o
 .debug_info    0x00002315      0x7ce ./Sources/uart.o
 .debug_info    0x00002ae3       0x8a ./Project_Settings/Startup_Code/startup_MKL25Z4.o
 .debug_info    0x00002b6d      0x3ed ./Project_Settings/Startup_Code/system_MKL25Z4.o

.debug_abbrev   0x00000000      0xd39
 .debug_abbrev  0x00000000       0xf8 ./Sources/analysis.o
 .debug_abbrev  0x000000f8      0x103 ./Sources/circbuf.o
 .debug_abbrev  0x000001fb       0xfd ./Sources/data.o
 .debug_abbrev  0x000002f8      0x1a5 ./Sources/led.o
 .debug_abbrev  0x0000049d      0x168 ./Sources/log.o
 .debug_abbrev  0x00000605      0x1db ./Sources/main.o
 .debug_abbrev  0x000007e0       0xfb ./Sources/message.o
 .debug_abbrev  0x000008db      0x182 ./Sources/rtc.o
 .debug_abbrev  0x00000a5d      0x1bf ./Sources/uart.o
 .debug_abbrev  0x00000c1c       0x14 ./Project_Settings/Startup_Code/startup_MKL25Z4.o
 .debug_abbrev  0x00000c30      0x109 ./Project_Settings/Startup_Code/system_MKL25Z4.o

.debug_aranges  0x00000000      0x260
 .debug_aranges
                0x00000000       0x20 ./Sources/analysis.o
 .debug_aranges
                0x00000020       0x50 ./Sources/circbuf.o
 .debug_aranges
                0x00000070       0x40 ./Sources/data.o
 .debug_aranges
                0x000000b0       0x40 ./Sources/led.o
 .debug_aranges
                0x000000f0       0x58 ./Sources/log.o
 .debug_aranges
                0x00000148       0x30 ./Sources/main.o
 .debug_aranges
                0x00000178       0x20 ./Sources/message.o
 .debug_aranges
                0x00000198       0x30 ./Sources/rtc.o
 .debug_aranges
                0x000001c8       0x50 ./Sources/uart.o
 .debug_aranges
                0x00000218       0x20 ./Project_Settings/Startup_Code/startup_MKL25Z4.o
 .debug_aranges
                0x00000238       0x28 ./Project_Settings/Startup_Code/system_MKL25Z4.o

.debug_ranges   0x00000000      0x1a0
 .debug_ranges  0x00000000       0x10 ./Sources/analysis.o
 .debug_ranges  0x00000010       0x40 ./Sources/circbuf.o
 .debug_ranges  0x00000050       0x30 ./Sources/data.o
 .debug_ranges  0x00000080       0x30 ./Sources/led.o
 .debug_ranges  0x000000b0       0x48 ./Sources/log.o
 .debug_ranges  0x000000f8       0x20 ./Sources/main.o
 .debug_ranges  0x00000118       0x10 ./Sources/message.o
 .debug_ranges  0x00000128       0x20 ./Sources/rtc.o
 .debug_ranges  0x00000148       0x40 ./Sources/uart.o
 .debug_ranges  0x00000188       0x18 ./Project_Settings/Startup_Code/system_MKL25Z4.o

.debug_macro    0x00000000     0xe7f6
 .debug_macro   0x00000000      0x191 ./Sources/analysis.o
 .debug_macro   0x00000191      0x808 ./Sources/analysis.o
 .debug_macro   0x00000999       0x58 ./Sources/analysis.o
 .debug_macro   0x000009f1       0x16 ./Sources/analysis.o
 .debug_macro   0x00000a07       0x35 ./Sources/analysis.o
 .debug_macro   0x00000a3c       0xa3 ./Sources/analysis.o
 .debug_macro   0x00000adf       0x16 ./Sources/analysis.o
 .debug_macro   0x00000af5       0x97 ./Sources/analysis.o
 .debug_macro   0x00000b8c       0x10 ./Sources/analysis.o
 .debug_macro   0x00000b9c       0xef ./Sources/analysis.o
 .debug_macro   0x00000c8b       0x4a ./Sources/analysis.o
 .debug_macro   0x00000cd5       0x52 ./Sources/analysis.o
 .debug_macro   0x00000d27       0x16 ./Sources/analysis.o
 .debug_macro   0x00000d3d       0x43 ./Sources/analysis.o
 .debug_macro   0x00000d80      0x180 ./Sources/analysis.o
 .debug_macro   0x00000f00       0x10 ./Sources/analysis.o
 .debug_macro   0x00000f10       0x22 ./Sources/analysis.o
 .debug_macro   0x00000f32       0xbd ./Sources/analysis.o
 .debug_macro   0x00000fef       0x16 ./Sources/analysis.o
 .debug_macro   0x00001005      0x14a ./Sources/analysis.o
 .debug_macro   0x0000114f       0x16 ./Sources/analysis.o
 .debug_macro   0x00001165       0x35 ./Sources/analysis.o
 .debug_macro   0x0000119a       0x22 ./Sources/analysis.o
 .debug_macro   0x000011bc      0x20f ./Sources/analysis.o
 .debug_macro   0x000013cb       0x4c ./Sources/analysis.o
 .debug_macro   0x00001417       0x3a ./Sources/analysis.o
 .debug_macro   0x00001451       0x26 ./Sources/analysis.o
 .debug_macro   0x00001477      0x306 ./Sources/analysis.o
 .debug_macro   0x0000177d       0x63 ./Sources/analysis.o
 .debug_macro   0x000017e0     0x839f ./Sources/analysis.o
 .debug_macro   0x00009b7f       0x10 ./Sources/analysis.o
 .debug_macro   0x00009b8f       0x16 ./Sources/analysis.o
 .debug_macro   0x00009ba5      0x185 ./Sources/circbuf.o
 .debug_macro   0x00009d2a      0x808 ./Sources/circbuf.o
 .debug_macro   0x0000a532       0x16 ./Sources/circbuf.o
 .debug_macro   0x0000a548       0x44 ./Sources/circbuf.o
 .debug_macro   0x0000a58c      0x209 ./Sources/circbuf.o
 .debug_macro   0x0000a795       0x3a ./Sources/circbuf.o
 .debug_macro   0x0000a7cf      0x107 ./Sources/data.o
 .debug_macro   0x0000a8d6       0x16 ./Sources/data.o
 .debug_macro   0x0000a8ec       0x8d ./Sources/led.o
 .debug_macro   0x0000a979      0x808 ./Sources/led.o
 .debug_macro   0x0000b181      0x19f ./Sources/log.o
 .debug_macro   0x0000b320      0x808 ./Sources/log.o
 .debug_macro   0x0000bb28       0x2e ./Sources/log.o
 .debug_macro   0x0000bb56      0x24a ./Sources/main.o
 .debug_macro   0x0000bda0      0x808 ./Sources/main.o
 .debug_macro   0x0000c5a8       0x34 ./Sources/main.o
 .debug_macro   0x0000c5dc      0x2a6 ./Sources/main.o
 .debug_macro   0x0000c882       0x10 ./Sources/main.o
 .debug_macro   0x0000c892       0x10 ./Sources/main.o
 .debug_macro   0x0000c8a2       0x16 ./Sources/main.o
 .debug_macro   0x0000c8b8       0x4c ./Sources/main.o
 .debug_macro   0x0000c904      0x189 ./Sources/message.o
 .debug_macro   0x0000ca8d      0x808 ./Sources/message.o
 .debug_macro   0x0000d295      0x10e ./Sources/message.o
 .debug_macro   0x0000d3a3       0x7f ./Sources/message.o
 .debug_macro   0x0000d422       0x1c ./Sources/message.o
 .debug_macro   0x0000d43e      0x185 ./Sources/rtc.o
 .debug_macro   0x0000d5c3      0x808 ./Sources/rtc.o
 .debug_macro   0x0000ddcb      0x1a5 ./Sources/uart.o
 .debug_macro   0x0000df70      0x808 ./Sources/uart.o
 .debug_macro   0x0000e778       0x7e ./Project_Settings/Startup_Code/system_MKL25Z4.o

.debug_line     0x00000000     0x1f27
 .debug_line    0x00000000      0x2e4 ./Sources/analysis.o
 .debug_line    0x000002e4      0x348 ./Sources/circbuf.o
 .debug_line    0x0000062c      0x34a ./Sources/data.o
 .debug_line    0x00000976      0x275 ./Sources/led.o
 .debug_line    0x00000beb      0x375 ./Sources/log.o
 .debug_line    0x00000f60      0x3da ./Sources/main.o
 .debug_line    0x0000133a      0x2c8 ./Sources/message.o
 .debug_line    0x00001602      0x31b ./Sources/rtc.o
 .debug_line    0x0000191d      0x34f ./Sources/uart.o
 .debug_line    0x00001c6c       0x7b ./Project_Settings/Startup_Code/startup_MKL25Z4.o
 .debug_line    0x00001ce7      0x240 ./Project_Settings/Startup_Code/system_MKL25Z4.o

.debug_str      0x00000000    0x35955
 .debug_str     0x00000000    0x33aaa ./Sources/analysis.o
                              0x33f55 (size before relaxing)
 .debug_str     0x00033aaa      0x1c5 ./Sources/circbuf.o
                              0x3402a (size before relaxing)
 .debug_str     0x00033c6f       0xc3 ./Sources/data.o
                               0x4e5d (size before relaxing)
 .debug_str     0x00033d32      0x20b ./Sources/led.o
                              0x31fb1 (size before relaxing)
 .debug_str     0x00033f3d      0x360 ./Sources/log.o
                              0x34294 (size before relaxing)
 .debug_str     0x0003429d     0x1225 ./Sources/main.o
                              0x35567 (size before relaxing)
 .debug_str     0x000354c2      0x160 ./Sources/message.o
                              0x33ff9 (size before relaxing)
 .debug_str     0x00035622      0x24f ./Sources/rtc.o
                              0x341f6 (size before relaxing)
 .debug_str     0x00035871       0x6d ./Sources/uart.o
                              0x34510 (size before relaxing)
 .debug_str     0x000358de       0x77 ./Project_Settings/Startup_Code/system_MKL25Z4.o
                              0x31f1d (size before relaxing)

.comment        0x00000000       0x70
 .comment       0x00000000       0x70 ./Sources/analysis.o
                                 0x71 (size before relaxing)
 .comment       0x00000000       0x71 ./Sources/circbuf.o
 .comment       0x00000000       0x71 ./Sources/data.o
 .comment       0x00000000       0x71 ./Sources/led.o
 .comment       0x00000000       0x71 ./Sources/log.o
 .comment       0x00000000       0x71 ./Sources/main.o
 .comment       0x00000000       0x71 ./Sources/message.o
 .comment       0x00000000       0x71 ./Sources/rtc.o
 .comment       0x00000000       0x71 ./Sources/uart.o
 .comment       0x00000000       0x71 ./Project_Settings/Startup_Code/system_MKL25Z4.o

.debug_frame    0x00000000      0x8e4
 .debug_frame   0x00000000       0x30 ./Sources/analysis.o
 .debug_frame   0x00000030       0xf0 ./Sources/circbuf.o
 .debug_frame   0x00000120       0xb0 ./Sources/data.o
 .debug_frame   0x000001d0       0xa4 ./Sources/led.o
 .debug_frame   0x00000274      0x108 ./Sources/log.o
 .debug_frame   0x0000037c       0x74 ./Sources/main.o
 .debug_frame   0x000003f0       0x30 ./Sources/message.o
 .debug_frame   0x00000420       0x6c ./Sources/rtc.o
 .debug_frame   0x0000048c       0xf0 ./Sources/uart.o
 .debug_frame   0x0000057c       0x4c ./Project_Settings/Startup_Code/system_MKL25Z4.o
 .debug_frame   0x000005c8       0x20 c:/freescale/kds_v3/toolchain/bin/../lib/gcc/arm-none-eabi/4.8.4/armv6-m\libgcc.a(_udivsi3.o)
 .debug_frame   0x000005e8       0x20 c:/freescale/kds_v3/toolchain/bin/../lib/gcc/arm-none-eabi/4.8.4/armv6-m\libgcc.a(_divsi3.o)
 .debug_frame   0x00000608       0x28 c:/freescale/kds_v3/toolchain/bin/../lib/gcc/arm-none-eabi/4.8.4/../../../../arm-none-eabi/lib/armv6-m\libg_s.a(lib_a-exit.o)
 .debug_frame   0x00000630       0x2c c:/freescale/kds_v3/toolchain/bin/../lib/gcc/arm-none-eabi/4.8.4/../../../../arm-none-eabi/lib/armv6-m\libg_s.a(lib_a-init.o)
 .debug_frame   0x0000065c       0x40 c:/freescale/kds_v3/toolchain/bin/../lib/gcc/arm-none-eabi/4.8.4/../../../../arm-none-eabi/lib/armv6-m\libg_s.a(lib_a-malloc.o)
 .debug_frame   0x0000069c       0x20 c:/freescale/kds_v3/toolchain/bin/../lib/gcc/arm-none-eabi/4.8.4/../../../../arm-none-eabi/lib/armv6-m\libg_s.a(lib_a-memset.o)
 .debug_frame   0x000006bc       0x2c c:/freescale/kds_v3/toolchain/bin/../lib/gcc/arm-none-eabi/4.8.4/../../../../arm-none-eabi/lib/armv6-m\libg_s.a(lib_a-nano-mallocr.o)
 .debug_frame   0x000006e8       0x2c c:/freescale/kds_v3/toolchain/bin/../lib/gcc/arm-none-eabi/4.8.4/../../../../arm-none-eabi/lib/armv6-m\libg_s.a(lib_a-sbrkr.o)
 .debug_frame   0x00000714      0x148 c:/freescale/kds_v3/toolchain/bin/../lib/gcc/arm-none-eabi/4.8.4/../../../../arm-none-eabi/lib/armv6-m\libg_s.a(lib_a-findfp.o)
 .debug_frame   0x0000085c       0x48 c:/freescale/kds_v3/toolchain/bin/../lib/gcc/arm-none-eabi/4.8.4/../../../../arm-none-eabi/lib/armv6-m\libg_s.a(lib_a-reent.o)
 .debug_frame   0x000008a4       0x20 c:/freescale/kds_v3/toolchain/bin/../lib/gcc/arm-none-eabi/4.8.4/../../../../arm-none-eabi/lib/armv6-m\libnosys.a(sbrk.o)
 .debug_frame   0x000008c4       0x20 c:/freescale/kds_v3/toolchain/bin/../lib/gcc/arm-none-eabi/4.8.4/../../../../arm-none-eabi/lib/armv6-m\libnosys.a(_exit.o)

.stabstr        0x00000000      0x14d
 .stabstr       0x00000000      0x14d c:/freescale/kds_v3/toolchain/bin/../lib/gcc/arm-none-eabi/4.8.4/../../../../arm-none-eabi/lib/armv6-m\libnosys.a(close.o)
